 setwd("E:\Prince of Songla University Pattani Campus In Thailand\Third year\Data Analytics and Visualizaations")
Error: '\P' is an unrecognized escape in character string (<input>:1:11)
> setwd("E:\\Prince of Songla University Pattani Campus In Thailand\\Third year\\Data Analytics and Visualizaations")
> dt <- read_excel("childPattani_practice.xlsx")
Error in read_excel("childPattani_practice.xlsx") : 
  could not find function "read_excel"
> install.packages("readxl")
Installing package into ‘C:/Users/Dell PC/AppData/Local/R/win-library/4.3’
(as ‘lib’ is unspecified)
--- Please select a CRAN mirror for use in this session ---
also installing the dependencies ‘cli’, ‘glue’, ‘utf8’, ‘rematch’, ‘fansi’, ‘lifecycle’, ‘magrittr’, ‘pillar’, ‘pkgconfig’, ‘rlang’, ‘vctrs’, ‘crayon’, ‘hms’, ‘prettyunits’, ‘R6’, ‘cellranger’, ‘tibble’, ‘cpp11’, ‘progress’

trying URL 'https://mirror.aarnet.edu.au/pub/CRAN/bin/windows/contrib/4.3/cli_3.6.3.zip'
Content type 'application/zip' length 1339632 bytes (1.3 MB)
downloaded 1.3 MB

trying URL 'https://mirror.aarnet.edu.au/pub/CRAN/bin/windows/contrib/4.3/glue_1.7.0.zip'
Content type 'application/zip' length 161378 bytes (157 KB)
downloaded 157 KB

trying URL 'https://mirror.aarnet.edu.au/pub/CRAN/bin/windows/contrib/4.3/utf8_1.2.4.zip'
Content type 'application/zip' length 149805 bytes (146 KB)
downloaded 146 KB

trying URL 'https://mirror.aarnet.edu.au/pub/CRAN/bin/windows/contrib/4.3/rematch_2.0.0.zip'
Content type 'application/zip' length 19043 bytes (18 KB)
downloaded 18 KB

trying URL 'https://mirror.aarnet.edu.au/pub/CRAN/bin/windows/contrib/4.3/fansi_1.0.6.zip'
Content type 'application/zip' length 314075 bytes (306 KB)
downloaded 306 KB

trying URL 'https://mirror.aarnet.edu.au/pub/CRAN/bin/windows/contrib/4.3/lifecycle_1.0.4.zip'
Content type 'application/zip' length 139653 bytes (136 KB)
downloaded 136 KB

trying URL 'https://mirror.aarnet.edu.au/pub/CRAN/bin/windows/contrib/4.3/magrittr_2.0.3.zip'
Content type 'application/zip' length 226953 bytes (221 KB)
downloaded 221 KB

trying URL 'https://mirror.aarnet.edu.au/pub/CRAN/bin/windows/contrib/4.3/pillar_1.9.0.zip'
Content type 'application/zip' length 659390 bytes (643 KB)
downloaded 643 KB

trying URL 'https://mirror.aarnet.edu.au/pub/CRAN/bin/windows/contrib/4.3/pkgconfig_2.0.3.zip'
Content type 'application/zip' length 22467 bytes (21 KB)
downloaded 21 KB

trying URL 'https://mirror.aarnet.edu.au/pub/CRAN/bin/windows/contrib/4.3/rlang_1.1.4.zip'
Content type 'application/zip' length 1581719 bytes (1.5 MB)
downloaded 1.5 MB

trying URL 'https://mirror.aarnet.edu.au/pub/CRAN/bin/windows/contrib/4.3/vctrs_0.6.5.zip'
Content type 'application/zip' length 1336624 bytes (1.3 MB)
downloaded 1.3 MB

trying URL 'https://mirror.aarnet.edu.au/pub/CRAN/bin/windows/contrib/4.3/crayon_1.5.3.zip'
Content type 'application/zip' length 163480 bytes (159 KB)
downloaded 159 KB

trying URL 'https://mirror.aarnet.edu.au/pub/CRAN/bin/windows/contrib/4.3/hms_1.1.3.zip'
Content type 'application/zip' length 104290 bytes (101 KB)
downloaded 101 KB

trying URL 'https://mirror.aarnet.edu.au/pub/CRAN/bin/windows/contrib/4.3/prettyunits_1.2.0.zip'
Content type 'application/zip' length 157546 bytes (153 KB)
downloaded 153 KB

trying URL 'https://mirror.aarnet.edu.au/pub/CRAN/bin/windows/contrib/4.3/R6_2.5.1.zip'
Content type 'application/zip' length 84332 bytes (82 KB)
downloaded 82 KB

trying URL 'https://mirror.aarnet.edu.au/pub/CRAN/bin/windows/contrib/4.3/cellranger_1.1.0.zip'
Content type 'application/zip' length 103929 bytes (101 KB)
downloaded 101 KB

trying URL 'https://mirror.aarnet.edu.au/pub/CRAN/bin/windows/contrib/4.3/tibble_3.2.1.zip'
Content type 'application/zip' length 690905 bytes (674 KB)
downloaded 674 KB

trying URL 'https://mirror.aarnet.edu.au/pub/CRAN/bin/windows/contrib/4.3/cpp11_0.4.7.zip'
Content type 'application/zip' length 304074 bytes (296 KB)
downloaded 296 KB

trying URL 'https://mirror.aarnet.edu.au/pub/CRAN/bin/windows/contrib/4.3/progress_1.2.3.zip'
Content type 'application/zip' length 87772 bytes (85 KB)
downloaded 85 KB

trying URL 'https://mirror.aarnet.edu.au/pub/CRAN/bin/windows/contrib/4.3/readxl_1.4.3.zip'
Content type 'application/zip' length 1197280 bytes (1.1 MB)
downloaded 1.1 MB

package ‘cli’ successfully unpacked and MD5 sums checked
package ‘glue’ successfully unpacked and MD5 sums checked
package ‘utf8’ successfully unpacked and MD5 sums checked
package ‘rematch’ successfully unpacked and MD5 sums checked
package ‘fansi’ successfully unpacked and MD5 sums checked
package ‘lifecycle’ successfully unpacked and MD5 sums checked
package ‘magrittr’ successfully unpacked and MD5 sums checked
package ‘pillar’ successfully unpacked and MD5 sums checked
package ‘pkgconfig’ successfully unpacked and MD5 sums checked
package ‘rlang’ successfully unpacked and MD5 sums checked
package ‘vctrs’ successfully unpacked and MD5 sums checked
package ‘crayon’ successfully unpacked and MD5 sums checked
package ‘hms’ successfully unpacked and MD5 sums checked
package ‘prettyunits’ successfully unpacked and MD5 sums checked
package ‘R6’ successfully unpacked and MD5 sums checked
package ‘cellranger’ successfully unpacked and MD5 sums checked
package ‘tibble’ successfully unpacked and MD5 sums checked
package ‘cpp11’ successfully unpacked and MD5 sums checked
package ‘progress’ successfully unpacked and MD5 sums checked
package ‘readxl’ successfully unpacked and MD5 sums checked

The downloaded binary packages are in
        C:\Users\Dell PC\AppData\Local\Temp\RtmpATSAMh\downloaded_packages
> library("readxl")
Warning message:
package ‘readxl’ was built under R version 4.3.3 
> library("readxl")
> dt <- read_excel("childPattani_practice.xlsx")

-
/
                                                                                                                                       

/
                                                                                                                                       

-
                                                                                                                                       
> str(dt)
tibble [10,498 × 9] (S3: tbl_df/tbl/data.frame)
 $ perid_pre: num [1:10498] 2158 6627 6626 6625 477 ...
 $ titnme   : chr [1:10498] "2" "????????" "????????" "???" ...
 $ age      : chr [1:10498] "4" "2" "4" "33" ...
 $ gender   : chr [1:10498] "2" "2" "2" "2" ...
 $ tmb      : chr [1:10498] "???????" NA NA NA ...
 $ amp      : chr [1:10498] "???????" NA NA NA ...
 $ prv      : chr [1:10498] "???????" NA NA NA ...
 $ hholdid  : num [1:10498] 0 0 0 0 0 0 0 0 0 0 ...
 $ comment  : chr [1:10498] "2???????? 3-25 ??" "3?????????????????" "3?????????????????" "3?????????????????" ...
> dt <- as.data.frame(dt)
> str(dt)
'data.frame':   10498 obs. of  9 variables:
 $ perid_pre: num  2158 6627 6626 6625 477 ...
 $ titnme   : chr  "2" "????????" "????????" "???" ...
 $ age      : chr  "4" "2" "4" "33" ...
 $ gender   : chr  "2" "2" "2" "2" ...
 $ tmb      : chr  "???????" NA NA NA ...
 $ amp      : chr  "???????" NA NA NA ...
 $ prv      : chr  "???????" NA NA NA ...
 $ hholdid  : num  0 0 0 0 0 0 0 0 0 0 ...
 $ comment  : chr  "2???????? 3-25 ??" "3?????????????????" "3?????????????????" "3?????????????????" ...
> dt$age<- as.numeric(dt$age)
> str(dt)
'data.frame':   10498 obs. of  9 variables:
 $ perid_pre: num  2158 6627 6626 6625 477 ...
 $ titnme   : chr  "2" "????????" "????????" "???" ...
 $ age      : num  4 2 4 33 NA 21 62 57 NA 27 ...
 $ gender   : chr  "2" "2" "2" "2" ...
 $ tmb      : chr  "???????" NA NA NA ...
 $ amp      : chr  "???????" NA NA NA ...
 $ prv      : chr  "???????" NA NA NA ...
 $ hholdid  : num  0 0 0 0 0 0 0 0 0 0 ...
 $ comment  : chr  "2???????? 3-25 ??" "3?????????????????" "3?????????????????" "3?????????????????" ...
> summary(dt$age)
   Min. 1st Qu.  Median    Mean 3rd Qu.    Max.    NA's 
   0.00   10.00   16.00   22.74   33.00   98.00    1277 
> install..packages("epiDisplay")
Error in install..packages("epiDisplay") : 
  could not find function "install..packages"
> install.packages("epiDisplay")
Installing package into ‘C:/Users/Dell PC/AppData/Local/R/win-library/4.3’
(as ‘lib’ is unspecified)
trying URL 'https://mirror.aarnet.edu.au/pub/CRAN/bin/windows/contrib/4.3/epiDisplay_3.5.0.2.zip'
Content type 'application/zip' length 665439 bytes (649 KB)
downloaded 649 KB

package ‘epiDisplay’ successfully unpacked and MD5 sums checked

The downloaded binary packages are in
        C:\Users\Dell PC\AppData\Local\Temp\RtmpATSAMh\downloaded_packages
> library(epiDisplay)
Loading required package: foreign
Loading required package: survival
Loading required package: MASS
Loading required package: nnet
Warning message:
package ‘epiDisplay’ was built under R version 4.3.3 
> summ(dt$age)
 obs. mean   median  s.d.   min.   max.  
 9221 22.737 16      18.094 0      98    
> tab1(dt$gender)
dt$gender : 
        Frequency   %(NA+)   %(NA-)
1            4474     42.6     47.5
2            4751     45.3     50.4
???           109      1.0      1.2
????            84      0.8      0.9
<NA>         1080     10.3      0.0
  Total     10498    100.0    100.0
> tab1(dt$tmb)
dt$tmb : 
           Frequency   %(NA+)   %(NA-)
0                  2      0.0      0.1
????????            1      0.0      0.0
????????          757      7.2     20.5
??????             15      0.1      0.4
????????            5      0.0      0.1
?????????          198      1.9      5.4
???               36      0.3      1.0
???               19      0.2      0.5
?????            172      1.6      4.7
??????              13      0.1      0.4
??????            410      3.9     11.1
???????          307      2.9      8.3
??????????           88      0.8      2.4
??????             856      8.2     23.2
??????????         4      0.0      0.1
??????            208      2.0      5.6
???????              2      0.0      0.1
????????             3      0.0      0.1
????????           593      5.6     16.1
<NA>            6809     64.9      0.0
  Total        10498    100.0    100.0
> tab1(dt$amp)
dt$amp : 
          Frequency   %(NA+)   %(NA-)
0                 2      0.0      0.1
?????             25      0.2      0.7
????????????       571      5.4     15.5
??????           871      8.3     23.6
????????          410      3.9     11.1
???????         156      1.5      4.2
?????            751      7.2     20.4
???????           592      5.6     16.0
???????          311      3.0      8.4
<NA>           6809     64.9      0.0
  Total       10498    100.0    100.0
> tab1(dt$prv)
dt$prv : 
        Frequency   %(NA+)   %(NA-)
0               2      0.0      0.1
???????        3687     35.1     99.9
<NA>         6809     64.9      0.0
  Total     10498    100.0    100.0
> tab1(dt$comment)
dt$comment : 
                Frequency Percent Cum. percent
1????????????              999     9.5          9.5
2???????? 3-25 ??       2770    26.4         35.9
3?????????????????      6729    64.1        100.0
  Total             10498   100.0        100.0
>  setwd("E:\\Prince of Songla University Pattani Campus In Thailand\\Third year\\Data Analytics and Visualizaations")
> > dt <- read_excel("childPattani_practice.xlsx")
Error: unexpected '>' in ">"
>  setwd("E:\\Prince of Songla University Pattani Campus In Thailand\\Third year\\Data Analytics and Visualizaations")
> dt <- read_excel("nomotercycle_practice.xlsx")

-
\
                                                                              

/
                                                                              

-
|
                                                                              
> str(dt)
tibble [28,040 × 25] (S3: tbl_df/tbl/data.frame)
 $ id              : num [1:28040] 8594772 8594779 8594780 8594781 8594794 ...
 $ DEAD_YEAR(Budha): chr [1:28040] "2554" "2554" "2554" "2554" ...
 $ DEAD_YEAR       : chr [1:28040] "2011" "2011" "2011" "2011" ...
 $ Age             : chr [1:28040] "23" "40" "29" "32" ...
 $ Sex             : chr [1:28040] "1" "2" "1" "1" ...
 $ BirthYear       : chr [1:28040] "1987" "1970" "1981" "1979" ...
 $ NationalityId   : chr [1:28040] "99" "99" "99" "99" ...
 $ Tumbol          : chr [1:28040] "?????????" "???????" "??????" "?????????" ...
 $ District        : chr [1:28040] "???" "???????" "???????" "??????????" ...
 $ Province        : chr [1:28040] "??" "??" "??" "??" ...
 $ RiskHelmet      : chr [1:28040] NA NA NA NA ...
 $ RiskSafetyBelt  : chr [1:28040] NA NA NA NA ...
 $ DeadDate        : chr [1:28040] "2011-01-01" "2011-01-02" "2011-01-02" "2011-01-02" ...
 $ DateRec         : chr [1:28040] "2011-01-01" "2011-01-02" "2011-01-02" "2011-01-02" ...
 $ TimeRec         : chr [1:28040] "06:35:00" "19:00:00" "19:00:00" "23:45:00" ...
 $ AccSubDist      : chr [1:28040] "?????????" "??????" "??????" "????????" ...
 $ AccDist         : chr [1:28040] "???" "???????" "???????" "????????" ...
 $ AccProv         : chr [1:28040] "????????????" "????" "????" "????????????" ...
 $ AccLat          : chr [1:28040] "8.916207" "7.816994" "7.816994" "8.645419" ...
 $ AccLong         : chr [1:28040] "98.890434" "99.581225" "99.581225" "99.315948" ...
 $ ICD-10          : chr [1:28040] "V299" "V299" "V299" "V892" ...
 $ Vehicle         : chr [1:28040] "?????????????" "?????????????" "?????????????" "????????????" ...
 $ created_at      : logi [1:28040] NA NA NA NA NA NA ...
 $ verify_date     : logi [1:28040] NA NA NA NA NA NA ...
 $ created_by      : logi [1:28040] NA NA NA NA NA NA ...
> dt$Age <- as.numeric(dt$Age)
> str(dt)
tibble [28,040 × 25] (S3: tbl_df/tbl/data.frame)
 $ id              : num [1:28040] 8594772 8594779 8594780 8594781 8594794 ...
 $ DEAD_YEAR(Budha): chr [1:28040] "2554" "2554" "2554" "2554" ...
 $ DEAD_YEAR       : chr [1:28040] "2011" "2011" "2011" "2011" ...
 $ Age             : num [1:28040] 23 40 29 32 72 16 18 25 80 18 ...
 $ Sex             : chr [1:28040] "1" "2" "1" "1" ...
 $ BirthYear       : chr [1:28040] "1987" "1970" "1981" "1979" ...
 $ NationalityId   : chr [1:28040] "99" "99" "99" "99" ...
 $ Tumbol          : chr [1:28040] "?????????" "???????" "??????" "?????????" ...
 $ District        : chr [1:28040] "???" "???????" "???????" "??????????" ...
 $ Province        : chr [1:28040] "??" "??" "??" "??" ...
 $ RiskHelmet      : chr [1:28040] NA NA NA NA ...
 $ RiskSafetyBelt  : chr [1:28040] NA NA NA NA ...
 $ DeadDate        : chr [1:28040] "2011-01-01" "2011-01-02" "2011-01-02" "2011-01-02" ...
 $ DateRec         : chr [1:28040] "2011-01-01" "2011-01-02" "2011-01-02" "2011-01-02" ...
 $ TimeRec         : chr [1:28040] "06:35:00" "19:00:00" "19:00:00" "23:45:00" ...
 $ AccSubDist      : chr [1:28040] "?????????" "??????" "??????" "????????" ...
 $ AccDist         : chr [1:28040] "???" "???????" "???????" "????????" ...
 $ AccProv         : chr [1:28040] "????????????" "????" "????" "????????????" ...
 $ AccLat          : chr [1:28040] "8.916207" "7.816994" "7.816994" "8.645419" ...
 $ AccLong         : chr [1:28040] "98.890434" "99.581225" "99.581225" "99.315948" ...
 $ ICD-10          : chr [1:28040] "V299" "V299" "V299" "V892" ...
 $ Vehicle         : chr [1:28040] "?????????????" "?????????????" "?????????????" "????????????" ...
 $ created_at      : logi [1:28040] NA NA NA NA NA NA ...
 $ verify_date     : logi [1:28040] NA NA NA NA NA NA ...
 $ created_by      : logi [1:28040] NA NA NA NA NA NA ...
> summ(dt$Age)
 obs.  mean   median  s.d.   min.   max.  
 24442 40.235 39      20.959 -22    149   
> summary(dt$Age)
   Min. 1st Qu.  Median    Mean 3rd Qu.    Max.    NA's 
 -22.00   23.00   39.00   40.23   56.00  149.00    3598 
> tab1(dt$DEAD_YEAR)
dt$DEAD_YEAR : 
        Frequency Percent Cum. percent
2011         3470    12.4         12.4
2012         3317    11.8         24.2
2013         3003    10.7         34.9
2014         2886    10.3         45.2
2015         2832    10.1         55.3
2016         2871    10.2         65.5
2017         2892    10.3         75.9
2018         2533     9.0         84.9
2019         2565     9.1         94.0
2020         1671     6.0        100.0
  Total     28040   100.0        100.0
> tab1(dt$Age)
dt$Age : 
        Frequency   %(NA+)   %(NA-)
-22             1      0.0      0.0
0             215      0.8      0.9
1              98      0.3      0.4
2              98      0.3      0.4
3              92      0.3      0.4
4             106      0.4      0.4
5              93      0.3      0.4
6              93      0.3      0.4
7              75      0.3      0.3
8              58      0.2      0.2
9              75      0.3      0.3
10             72      0.3      0.3
11            114      0.4      0.5
12            176      0.6      0.7
13            281      1.0      1.1
14            397      1.4      1.6
15            553      2.0      2.3
16            558      2.0      2.3
17            538      1.9      2.2
18            509      1.8      2.1
19            495      1.8      2.0
20            454      1.6      1.9
21            416      1.5      1.7
22            376      1.3      1.5
23            410      1.5      1.7
24            428      1.5      1.8
25            387      1.4      1.6
26            376      1.3      1.5
27            395      1.4      1.6
28            419      1.5      1.7
29            390      1.4      1.6
30            382      1.4      1.6
31            399      1.4      1.6
32            365      1.3      1.5
33            372      1.3      1.5
34            377      1.3      1.5
35            363      1.3      1.5
36            374      1.3      1.5
37            384      1.4      1.6
38            401      1.4      1.6
39            440      1.6      1.8
40            391      1.4      1.6
41            378      1.3      1.5
42            353      1.3      1.4
43            373      1.3      1.5
44            344      1.2      1.4
45            376      1.3      1.5
46            377      1.3      1.5
47            349      1.2      1.4
48            373      1.3      1.5
49            349      1.2      1.4
50            367      1.3      1.5
51            360      1.3      1.5
52            335      1.2      1.4
53            335      1.2      1.4
54            346      1.2      1.4
55            314      1.1      1.3
56            325      1.2      1.3
57            339      1.2      1.4
58            312      1.1      1.3
59            283      1.0      1.2
60            284      1.0      1.2
61            264      0.9      1.1
62            254      0.9      1.0
63            239      0.9      1.0
64            231      0.8      0.9
65            250      0.9      1.0
66            198      0.7      0.8
67            210      0.7      0.9
68            245      0.9      1.0
69            230      0.8      0.9
70            204      0.7      0.8
71            193      0.7      0.8
72            179      0.6      0.7
73            199      0.7      0.8
74            185      0.7      0.8
75            178      0.6      0.7
76            140      0.5      0.6
77            162      0.6      0.7
78            141      0.5      0.6
79            131      0.5      0.5
80            128      0.5      0.5
81            115      0.4      0.5
82            103      0.4      0.4
83             60      0.2      0.2
84             66      0.2      0.3
85             57      0.2      0.2
86             36      0.1      0.1
87             33      0.1      0.1
88             19      0.1      0.1
89             18      0.1      0.1
90             17      0.1      0.1
91             10      0.0      0.0
92              2      0.0      0.0
93              7      0.0      0.0
94              4      0.0      0.0
95              1      0.0      0.0
96              1      0.0      0.0
97              1      0.0      0.0
98              2      0.0      0.0
99              1      0.0      0.0
129             7      0.0      0.0
130            50      0.2      0.2
149             3      0.0      0.0
<NA>         3598     12.8      0.0
  Total     28040    100.0    100.0
> tab1(dt$Sex)
dt$Sex : 
        Frequency   %(NA+)   %(NA-)
0             173      0.6      0.6
1           20516     73.2     74.3
2            6929     24.7     25.1
3               1      0.0      0.0
<NA>          421      1.5      0.0
  Total     28040    100.0    100.0
> tab1(dt$BirthYear)
dt$BirthYear : 
        Frequency   %(NA+)   %(NA-)
1866            2      0.0      0.0
1867            7      0.0      0.0
1883            9      0.0      0.0
1884           75      0.3      0.4
1885           54      0.2      0.3
1886            6      0.0      0.0
1917            1      0.0      0.0
1918            1      0.0      0.0
1920            2      0.0      0.0
1921            3      0.0      0.0
1922            3      0.0      0.0
1923            5      0.0      0.0
1924            7      0.0      0.0
1925           10      0.0      0.1
1926           10      0.0      0.1
1927           18      0.1      0.1
1928           30      0.1      0.2
1929           22      0.1      0.1
1930           44      0.2      0.2
1931           63      0.2      0.3
1932           52      0.2      0.3
1933           51      0.2      0.3
1934           72      0.3      0.4
1935           94      0.3      0.5
1936           94      0.3      0.5
1937          107      0.4      0.5
1938          117      0.4      0.6
1939          127      0.5      0.6
1940          127      0.5      0.6
1941          120      0.4      0.6
1942          148      0.5      0.7
1943          134      0.5      0.7
1944          191      0.7      1.0
1945          153      0.5      0.8
1946          152      0.5      0.8
1947          160      0.6      0.8
1948          188      0.7      0.9
1949          184      0.7      0.9
1950          198      0.7      1.0
1951          172      0.6      0.9
1952          204      0.7      1.0
1953          187      0.7      0.9
1954          212      0.8      1.1
1955          241      0.9      1.2
1956          241      0.9      1.2
1957          232      0.8      1.2
1958          232      0.8      1.2
1959          259      0.9      1.3
1960          269      1.0      1.4
1961          237      0.8      1.2
1962          296      1.1      1.5
1963          301      1.1      1.5
1964          309      1.1      1.6
1965          308      1.1      1.6
1966          302      1.1      1.5
1967          288      1.0      1.5
1968          278      1.0      1.4
1969          268      1.0      1.4
1970          300      1.1      1.5
1971          297      1.1      1.5
1972          334      1.2      1.7
1973          307      1.1      1.5
1974          275      1.0      1.4
1975          282      1.0      1.4
1976          303      1.1      1.5
1977          314      1.1      1.6
1978          294      1.0      1.5
1979          298      1.1      1.5
1980          337      1.2      1.7
1981          255      0.9      1.3
1982          316      1.1      1.6
1983          273      1.0      1.4
1984          318      1.1      1.6
1985          341      1.2      1.7
1986          295      1.1      1.5
1987          285      1.0      1.4
1988          317      1.1      1.6
1989          308      1.1      1.6
1990          300      1.1      1.5
1991          321      1.1      1.6
1992          328      1.2      1.7
1993          377      1.3      1.9
1994          370      1.3      1.9
1995          377      1.3      1.9
1996          367      1.3      1.9
1997          582      2.1      2.9
1998          314      1.1      1.6
1999          313      1.1      1.6
2000          277      1.0      1.4
2001          263      0.9      1.3
2002          243      0.9      1.2
2003          216      0.8      1.1
2004          181      0.6      0.9
2005          120      0.4      0.6
2006           95      0.3      0.5
2007           80      0.3      0.4
2008           83      0.3      0.4
2009           55      0.2      0.3
2010           61      0.2      0.3
2011           59      0.2      0.3
2012           52      0.2      0.3
2013           78      0.3      0.4
2014          249      0.9      1.3
2015          142      0.5      0.7
2016          134      0.5      0.7
2017           23      0.1      0.1
2018           19      0.1      0.1
2019            3      0.0      0.0
2020            3      0.0      0.0
2039            1      0.0      0.0
2054            1      0.0      0.0
<NA>         8227     29.3      0.0
  Total     28040    100.0    100.0
> tab1(dt$NationalityId)
dt$NationalityId : 
        Frequency   %(NA+)   %(NA-)
25              1      0.0        0
48              1      0.0        0
49              1      0.0        0
56              1      0.0        0
99          15775     56.3      100
<NA>        12261     43.7        0
  Total     28040    100.0      100
> tab1(dt$RiskHelmet)
dt$RiskHelmet : 
        Frequency   %(NA+)   %(NA-)
?????           409      1.5     83.1
??              83      0.3     16.9
<NA>        27548     98.2      0.0
  Total     28040    100.0    100.0
> tab1(dt$RiskSafetyBelt)
dt$RiskSafetyBelt : 
        Frequency   %(NA+)   %(NA-)
?????           140      0.5     97.9
??               3      0.0      2.1
<NA>        27897     99.5      0.0
  Total     28040    100.0    100.0
> tab1(dt$AccProv)
dt$AccProv : 
             Frequency Percent Cum. percent
??????              1708     6.1          6.1
?????              2190     7.8         13.9
????               2266     8.1         22.0
?????????????      4733    16.9         38.9
????????           1486     5.3         44.2
???????             1041     3.7         47.9
?????               889     3.2         51.0
??????              1670     6.0         57.0
??????              1655     5.9         62.9
????               865     3.1         66.0
?????              495     1.8         67.8
?????             4446    15.9         83.6
????                651     2.3         85.9
????????????         3945    14.1        100.0
  Total          28040   100.0        100.0
> tab1(dt$Vehicle)
dt$Vehicle : 
                   Frequency Percent Cum. percent
????????????            11864    42.3         42.3
??????????                1411     5.0         47.3
????????                  31     0.1         47.5
?????????                  79     0.3         47.7
?????????????            11380    40.6         88.3
????????????????/?????       406     1.4         89.8
????????????                59     0.2         90.0
??????                   2770     9.9         99.9
??????                     40     0.1        100.0
  Total                28040   100.0        100.0
